------------------------------------------------------------
Timing Analyzer Summary
------------------------------------------------------------

Type  : Slow 1100mV 85C Model Setup 'KEY[0]'
Slack : -0.354
TNS   : -9.581

Type  : Slow 1100mV 85C Model Hold 'KEY[0]'
Slack : 0.217
TNS   : 0.000

Type  : Slow 1100mV 85C Model Minimum Pulse Width 'KEY[0]'
Slack : -0.394
TNS   : -28.983

Type  : Slow 1100mV 0C Model Setup 'KEY[0]'
Slack : -0.352
TNS   : -8.003

Type  : Slow 1100mV 0C Model Hold 'KEY[0]'
Slack : 0.282
TNS   : 0.000

Type  : Slow 1100mV 0C Model Minimum Pulse Width 'KEY[0]'
Slack : -0.418
TNS   : -30.106

Type  : Fast 1100mV 85C Model Setup 'KEY[0]'
Slack : 0.218
TNS   : 0.000

Type  : Fast 1100mV 85C Model Hold 'KEY[0]'
Slack : 0.139
TNS   : 0.000

Type  : Fast 1100mV 85C Model Minimum Pulse Width 'KEY[0]'
Slack : -0.623
TNS   : -34.994

Type  : Fast 1100mV 0C Model Setup 'KEY[0]'
Slack : 0.289
TNS   : 0.000

Type  : Fast 1100mV 0C Model Hold 'KEY[0]'
Slack : 0.144
TNS   : 0.000

Type  : Fast 1100mV 0C Model Minimum Pulse Width 'KEY[0]'
Slack : -0.650
TNS   : -36.993

------------------------------------------------------------
