------------------------------------------------------------
Timing Analyzer Summary
------------------------------------------------------------

Type  : Slow 1100mV 85C Model Setup 'clock_divider:s_clk|out'
Slack : -9.856
TNS   : -713.810

Type  : Slow 1100mV 85C Model Setup 'CLOCK_50'
Slack : -5.267
TNS   : -93.060

Type  : Slow 1100mV 85C Model Hold 'clock_divider:s_clk|out'
Slack : 0.315
TNS   : 0.000

Type  : Slow 1100mV 85C Model Hold 'CLOCK_50'
Slack : 0.456
TNS   : 0.000

Type  : Slow 1100mV 85C Model Minimum Pulse Width 'CLOCK_50'
Slack : -0.486
TNS   : -19.024

Type  : Slow 1100mV 85C Model Minimum Pulse Width 'clock_divider:s_clk|out'
Slack : -0.394
TNS   : -60.210

Type  : Slow 1100mV 0C Model Setup 'clock_divider:s_clk|out'
Slack : -10.224
TNS   : -717.629

Type  : Slow 1100mV 0C Model Setup 'CLOCK_50'
Slack : -5.358
TNS   : -92.530

Type  : Slow 1100mV 0C Model Hold 'clock_divider:s_clk|out'
Slack : 0.315
TNS   : 0.000

Type  : Slow 1100mV 0C Model Hold 'CLOCK_50'
Slack : 0.458
TNS   : 0.000

Type  : Slow 1100mV 0C Model Minimum Pulse Width 'CLOCK_50'
Slack : -0.500
TNS   : -20.422

Type  : Slow 1100mV 0C Model Minimum Pulse Width 'clock_divider:s_clk|out'
Slack : -0.394
TNS   : -58.732

Type  : Fast 1100mV 85C Model Setup 'clock_divider:s_clk|out'
Slack : -4.993
TNS   : -373.908

Type  : Fast 1100mV 85C Model Setup 'CLOCK_50'
Slack : -3.520
TNS   : -40.449

Type  : Fast 1100mV 85C Model Hold 'clock_divider:s_clk|out'
Slack : 0.114
TNS   : 0.000

Type  : Fast 1100mV 85C Model Hold 'CLOCK_50'
Slack : 0.246
TNS   : 0.000

Type  : Fast 1100mV 85C Model Minimum Pulse Width 'CLOCK_50'
Slack : -0.497
TNS   : -3.760

Type  : Fast 1100mV 85C Model Minimum Pulse Width 'clock_divider:s_clk|out'
Slack : -0.073
TNS   : -0.215

Type  : Fast 1100mV 0C Model Setup 'clock_divider:s_clk|out'
Slack : -4.750
TNS   : -341.911

Type  : Fast 1100mV 0C Model Setup 'CLOCK_50'
Slack : -2.927
TNS   : -35.013

Type  : Fast 1100mV 0C Model Hold 'clock_divider:s_clk|out'
Slack : 0.097
TNS   : 0.000

Type  : Fast 1100mV 0C Model Hold 'CLOCK_50'
Slack : 0.232
TNS   : 0.000

Type  : Fast 1100mV 0C Model Minimum Pulse Width 'CLOCK_50'
Slack : -0.487
TNS   : -3.685

Type  : Fast 1100mV 0C Model Minimum Pulse Width 'clock_divider:s_clk|out'
Slack : -0.019
TNS   : -0.055

------------------------------------------------------------
